ASxxxx Linker V03.00 + NoICE + sdld,  page 1.
Hexadecimal  [32-Bits]

Area                                    Addr        Size        Decimal Bytes (Attributes)
--------------------------------        ----        ----        ------- ----- ------------
.  .ABS.                            00000000    00000000 =           0. bytes (ABS,CON)

      Value  Global                              Global Defined In Module
      -----  --------------------------------   ------------------------
     00000000  .__.ABS.                           
     00000000  _putchar                        
     00000000  l__BSEG                         
     00000000  l__BSS                          
     00000000  l__CABS                         
     00000000  l__DABS                         
     00000000  l__DATA                         
     00000000  l__HEADER                       
     00000000  l__HEAP                         
     00000000  l__INITIALIZED                  
     00000000  l__INITIALIZER                  
     00000000  s__CABS                         
     00000000  s__DABS                         
     00000000  s__HEADER                       
     00000000  s__HEADER0                      
     00000000  s__HEADER1                      
     00000000  s__HEADER2                      
     00000000  s__HEADER3                      
     00000000  s__HEADER4                      
     00000000  s__HEADER5                      
     00000000  s__HEADER6                      
     00000000  s__HEADER7                      
     00000000  s__HEADER8                      
     00000001  l__GSFINAL                      
     00000003  l__HEADER0                      
     00000003  l__HEADER1                      
     00000003  l__HEADER2                      
     00000003  l__HEADER3                      
     00000003  l__HEADER4                      
     00000003  l__HEADER5                      
     00000003  l__HEADER6                      
     00000003  l__HEADER7                      
     0000000C  l__HEADER8                      
     00000025  l__GSINIT                       
     00000200  s__CODE                         
     00000965  l__HOME                         
     00001628  l__CODE                         
     00001828  s__HOME                         
     0000218D  s__GSINIT                       
     0000218D  s__INITIALIZER                  
     000021B2  s__GSFINAL                      
     00008000  s__BSEG                         
     00008000  s__BSS                          
     00008000  s__DATA                         
     00008000  s__HEAP                         
     00008000  s__INITIALIZED                  

ASxxxx Linker V03.00 + NoICE + sdld,  page 2.
Hexadecimal  [32-Bits]

Area                                    Addr        Size        Decimal Bytes (Attributes)
--------------------------------        ----        ----        ------- ----- ------------
_CODE                               00000200    00001628 =        5672. bytes (REL,CON)

      Value  Global                              Global Defined In Module
      -----  --------------------------------   ------------------------
     00000200  __clock                            crt0
     00000204  _exit                              crt0
     00000803  _main                              main
     00000954  __mulint                           
     00000956  __mul16                            
     0000096B  _puts                              puts
     0000098E  _vprintf                           vprintf
     0000099A  _printf                            vprintf
     00000C58  __modschar                         
     00000C60  __modsint                          
     00000C66  ___mulsint2slong                   u_16_16_mul
     00000C94  ___muluint2ulong                   u_16_16_mul
     00000D89  __print_format                     printf_large
     000017AD  __divschar                         
     000017AF  __div8                             
     000017B3  __div_signexte                     
     000017B7  __div16                            
     000017B7  __divsint                          
     000017DD  __get_remainder                    
     000017E7  __divuchar                         
     000017E9  __divu8                            
     000017EC  __divu16                           
     000017EC  __divuint                          
     0000181B  ___sdcc_call_hl                    
     0000181C  _strlen                            

ASxxxx Linker V03.00 + NoICE + sdld,  page 3.
Hexadecimal  [32-Bits]

Area                                    Addr        Size        Decimal Bytes (Attributes)
--------------------------------        ----        ----        ------- ----- ------------
_HEADER0                            00000000    00000003 =           3. bytes (ABS,CON)

      Value  Global                              Global Defined In Module
      -----  --------------------------------   ------------------------
ASxxxx Linker V03.00 + NoICE + sdld,  page 4.
Hexadecimal  [32-Bits]

Area                                    Addr        Size        Decimal Bytes (Attributes)
--------------------------------        ----        ----        ------- ----- ------------
_HEADER1                            00000000    00000003 =           3. bytes (ABS,CON)

      Value  Global                              Global Defined In Module
      -----  --------------------------------   ------------------------
ASxxxx Linker V03.00 + NoICE + sdld,  page 5.
Hexadecimal  [32-Bits]

Area                                    Addr        Size        Decimal Bytes (Attributes)
--------------------------------        ----        ----        ------- ----- ------------
_HEADER2                            00000000    00000003 =           3. bytes (ABS,CON)

      Value  Global                              Global Defined In Module
      -----  --------------------------------   ------------------------
ASxxxx Linker V03.00 + NoICE + sdld,  page 6.
Hexadecimal  [32-Bits]

Area                                    Addr        Size        Decimal Bytes (Attributes)
--------------------------------        ----        ----        ------- ----- ------------
_HEADER3                            00000000    00000003 =           3. bytes (ABS,CON)

      Value  Global                              Global Defined In Module
      -----  --------------------------------   ------------------------
ASxxxx Linker V03.00 + NoICE + sdld,  page 7.
Hexadecimal  [32-Bits]

Area                                    Addr        Size        Decimal Bytes (Attributes)
--------------------------------        ----        ----        ------- ----- ------------
_HEADER4                            00000000    00000003 =           3. bytes (ABS,CON)

      Value  Global                              Global Defined In Module
      -----  --------------------------------   ------------------------
ASxxxx Linker V03.00 + NoICE + sdld,  page 8.
Hexadecimal  [32-Bits]

Area                                    Addr        Size        Decimal Bytes (Attributes)
--------------------------------        ----        ----        ------- ----- ------------
_HEADER5                            00000000    00000003 =           3. bytes (ABS,CON)

      Value  Global                              Global Defined In Module
      -----  --------------------------------   ------------------------
ASxxxx Linker V03.00 + NoICE + sdld,  page 9.
Hexadecimal  [32-Bits]

Area                                    Addr        Size        Decimal Bytes (Attributes)
--------------------------------        ----        ----        ------- ----- ------------
_HEADER6                            00000000    00000003 =           3. bytes (ABS,CON)

      Value  Global                              Global Defined In Module
      -----  --------------------------------   ------------------------
ASxxxx Linker V03.00 + NoICE + sdld,  page 10.
Hexadecimal  [32-Bits]

Area                                    Addr        Size        Decimal Bytes (Attributes)
--------------------------------        ----        ----        ------- ----- ------------
_HEADER7                            00000000    00000003 =           3. bytes (ABS,CON)

      Value  Global                              Global Defined In Module
      -----  --------------------------------   ------------------------
ASxxxx Linker V03.00 + NoICE + sdld,  page 11.
Hexadecimal  [32-Bits]

Area                                    Addr        Size        Decimal Bytes (Attributes)
--------------------------------        ----        ----        ------- ----- ------------
_HEADER8                            00000000    0000000C =          12. bytes (ABS,CON)

      Value  Global                              Global Defined In Module
      -----  --------------------------------   ------------------------
ASxxxx Linker V03.00 + NoICE + sdld,  page 12.
Hexadecimal  [32-Bits]

Area                                    Addr        Size        Decimal Bytes (Attributes)
--------------------------------        ----        ----        ------- ----- ------------
_HOME                               00001828    00000965 =        2405. bytes (REL,CON)

      Value  Global                              Global Defined In Module
      -----  --------------------------------   ------------------------
     00001828  ___fsmul                           _fsmul
     00001AE5  ___fslt                            _fslt
     00001BE3  ___fsadd                           _fsadd
     0000200C  ___sint2fs                         _sint2fs
     00002014  ___fsdiv                           _fsdiv
     000020C3  ___slong2fs                        _slong2fs
     000020E2  ___ulong2fs                        _ulong2fs

ASxxxx Linker V03.00 + NoICE + sdld,  page 13.
Hexadecimal  [32-Bits]

Area                                    Addr        Size        Decimal Bytes (Attributes)
--------------------------------        ----        ----        ------- ----- ------------
_GSINIT                             0000218D    00000025 =          37. bytes (REL,CON)

      Value  Global                              Global Defined In Module
      -----  --------------------------------   ------------------------
     0000218D  gsinit                             crt0

ASxxxx Linker V03.00 + NoICE + sdld,  page 14.
Hexadecimal  [32-Bits]

Area                                    Addr        Size        Decimal Bytes (Attributes)
--------------------------------        ----        ----        ------- ----- ------------
_GSFINAL                            000021B2    00000001 =           1. bytes (REL,CON)

      Value  Global                              Global Defined In Module
      -----  --------------------------------   ------------------------
ASxxxx Linker V03.00 + NoICE + sdld,  page 15.

Files Linked                              [ module(s) ]

/opt/sdcc-4.2.0/bin/../share/sdcc/lib/z80/crt0.rel
                                          [ crt0 ]
main.rel                                  [ main ]


Libraries Linked                          [ object file ]

/opt/sdcc-4.2.0/bin/../share/sdcc/lib/z80/z80.lib
                                          [ _fsmul.rel ]
/opt/sdcc-4.2.0/bin/../share/sdcc/lib/z80/z80.lib
                                          [ _fslt.rel ]
/opt/sdcc-4.2.0/bin/../share/sdcc/lib/z80/z80.lib
                                          [ mul.rel ]
/opt/sdcc-4.2.0/bin/../share/sdcc/lib/z80/z80.lib
                                          [ _fsadd.rel ]
/opt/sdcc-4.2.0/bin/../share/sdcc/lib/z80/z80.lib
                                          [ _sint2fs.rel ]
/opt/sdcc-4.2.0/bin/../share/sdcc/lib/z80/z80.lib
                                          [ puts.rel ]
/opt/sdcc-4.2.0/bin/../share/sdcc/lib/z80/z80.lib
                                          [ vprintf.rel ]
/opt/sdcc-4.2.0/bin/../share/sdcc/lib/z80/z80.lib
                                          [ _fsdiv.rel ]
/opt/sdcc-4.2.0/bin/../share/sdcc/lib/z80/z80.lib
                                          [ modsigned.rel ]
/opt/sdcc-4.2.0/bin/../share/sdcc/lib/z80/z80.lib
                                          [ __mulsint2slong.rel ]
/opt/sdcc-4.2.0/bin/../share/sdcc/lib/z80/z80.lib
                                          [ _slong2fs.rel ]
/opt/sdcc-4.2.0/bin/../share/sdcc/lib/z80/z80.lib
                                          [ _ulong2fs.rel ]
/opt/sdcc-4.2.0/bin/../share/sdcc/lib/z80/z80.lib
                                          [ printf_large.rel ]
/opt/sdcc-4.2.0/bin/../share/sdcc/lib/z80/z80.lib
                                          [ divsigned.rel ]
/opt/sdcc-4.2.0/bin/../share/sdcc/lib/z80/z80.lib
                                          [ divunsigned.rel ]
/opt/sdcc-4.2.0/bin/../share/sdcc/lib/z80/z80.lib
                                          [ __sdcc_call_hl.rel ]
/opt/sdcc-4.2.0/bin/../share/sdcc/lib/z80/z80.lib
                                          [ strlen.rel ]

ASxxxx Linker V03.00 + NoICE + sdld,  page 16.

User Base Address Definitions

_CODE = 0x0200
_DATA = 0x8000


?ASlink-Warning-Undefined Global '_putchar' referenced by module 'puts'

?ASlink-Warning-Undefined Global '_putchar' referenced by module 'vprintf'
